// Jest Snapshot v1, https://goo.gl/fbAQLP

exports[`should render AddExpensePage correctly 1`] = `
<div>
  <h1>
    Add Expenses
  </h1>
  <ExpenseForm
    onSubmit={[Function]}
  />
</div>
`;

exports[`should return the WithNavigate function correctly 1`] = `
<div>
  <h1>
    Add Expenses
  </h1>
  <ExpenseForm
    onSubmit={[Function]}
  />
</div>
`;
