// Jest Snapshot v1, https://goo.gl/fbAQLP

exports[`should render ExpenseListItem for one expense mock item 1`] = `
<div>
  <Link
    to="/edit/1"
  >
    <h3>
      Gum
       
      1
    </h3>
  </Link>
  <p>
    Â£
     
    0.10
    -
    1st January, 1970
  </p>
</div>
`;
